[makerdao.com/index.html]
[backblue.gif]
[fade.gif]
[index.html]
[makerdao.com/assets/img/favicon.png]
[makerdao.com/apple-touch-icon.png]
[makerdao.com/css/normalize.min.css]
[makerdao.com/css/main1bce.css]
[makerdao.com/js/vendor/modernizr-custom.js]
[use.fontawesome.com/7454cf21dc.js]
[www.google-analytics.com/analytics.js]
[makerdao.com/assets/img/MKR-logo-rounded.svg]
[makerdao.com/assets/img/videopreview-dai.png]
[makerdao.com/careers/index.html]
[makerdao.com/assets/img/mkr-just-m.svg]
[makerdao.com/assets/img/MKRbooklet.png]
[makerdao.com/assets/img/Daibooklet.png]
[makerdao.com/assets/img/maker_white.svg]
[ajax.googleapis.com/ajax/libs/jquery/1.11.2/jquery.min.js]
[cdnjs.cloudflare.com/ajax/libs/hammer.js/2.0.8/hammer.min.js]
[makerdao.com/js/vendor/jquery-1.11.2.min.js]
[makerdao.com/js/plugins.js]
[makerdao.com/index.html]
[makerdao.com/apple-touch-icon.html]
[makerdao.com/css/normalize.min.css]
[makerdao.com/js/main30f4.js]
[makerdao.com/assets/fonts/Roboto-Regular.ttf]
[makerdao.com/assets/fonts/Roboto-Light.ttf]
[makerdao.com/assets/fonts/Roboto-Bold.ttf]
[makerdao.com/assets/fonts/Roboto-LightItalic.ttf]
[makerdao.com/assets/fonts/Futura.ttf]
[makerdao.com/css/main1bce.css]
[makerdao.com/assets/img/MKR-logo-rounded.svg]
[makerdao.com/whitepaper/index.html]
[makerdao.com/purple/index.html]
[makerdao.com/team/index.html]
[makerdao.com/assets/fonts/FuturaBT-Medium.ttf]
[makerdao.com/css/careers.css]
[makerdao.com/careers/sysadmin-devops-americas-timezone.html]
[makerdao.com/careers/full-stack-developer.html]
[makerdao.com/careers/senior-front-end-product-developer.html]
[makerdao.com/careers/junior-front-end-product-developer.html]
[makerdao.com/careers/technical-account-manager.html]
[makerdao.com/careers/community-lead1603.html]
[makerdao.com/careers/community-lead6744.html]
[makerdao.com/careers/community-leada8eb.html]
[makerdao.com/careers/business-development-associate.html]
[makerdao.com/cdn-cgi/l/email-protection.html]
[makerdao.com/careers/index.html]
[makerdao.com/assets/img/mkr-just-m.svg]
[makerdao.com/assets/img/maker_white.svg]
[makerdao.com/css/careers.css]
[makerdao.com/careers/sysadmin-devops-americas-timezone.html]
[makerdao.com/careers/full-stack-developer.html]
[makerdao.com/careers/senior-front-end-product-developer.html]
[makerdao.com/careers/junior-front-end-product-developer.html]
[makerdao.com/careers/technical-account-manager.html]
[makerdao.com/cdn-cgi/scripts/5c5dd728/cloudflare-static/email-decode.min.js]
[makerdao.com/js/plugins5e1f.js]
[makerdao.com/careers/community-lead1603.html]
[makerdao.com/careers/community-lead6744.html]
[makerdao.com/careers/community-leada8eb.html]
[makerdao.com/careers/business-development-associate.html]
[makerdao.com/cdn-cgi/l/email-protection.html]
[makerdao.com/js/main.js]
